⚠ [8705/8713] Replayed TrafficShaping.Game
warning: TrafficShaping/Game.lean:38:0: automatically included section variable(s) unused in theorem `TrafficShaping.coverage_continuous`:
  [Fintype I]
  [Nonempty I]
  [Nonempty S]
consider restructuring your `variable` declarations so that the variables are not in scope or explicitly omit them:
  omit [Fintype I] [Nonempty I] [Nonempty S] in theorem ...

Note: This linter can be disabled with `set_option linter.unusedSectionVars false`
warning: TrafficShaping/Game.lean:99:0: automatically included section variable(s) unused in theorem `TrafficShaping.optimal_coverage_ge_value`:
  [Nonempty S]
consider restructuring your `variable` declarations so that the variables are not in scope or explicitly omit them:
  omit [Nonempty S] in theorem ...

Note: This linter can be disabled with `set_option linter.unusedSectionVars false`
warning: TrafficShaping/Game.lean:108:0: automatically included section variable(s) unused in theorem `TrafficShaping.coverage_nonneg`:
  [Fintype I]
  [Nonempty I]
  [Nonempty S]
consider restructuring your `variable` declarations so that the variables are not in scope or explicitly omit them:
  omit [Fintype I] [Nonempty I] [Nonempty S] in theorem ...

Note: This linter can be disabled with `set_option linter.unusedSectionVars false`
warning: TrafficShaping/Game.lean:116:0: automatically included section variable(s) unused in theorem `TrafficShaping.coverage_le_one`:
  [Fintype I]
  [Nonempty I]
  [Nonempty S]
consider restructuring your `variable` declarations so that the variables are not in scope or explicitly omit them:
  omit [Fintype I] [Nonempty I] [Nonempty S] in theorem ...

Note: This linter can be disabled with `set_option linter.unusedSectionVars false`
warning: TrafficShaping/Game.lean:171:0: automatically included section variable(s) unused in theorem `TrafficShaping.weak_duality_certificate`:
  [Nonempty I]
  [Nonempty S]
consider restructuring your `variable` declarations so that the variables are not in scope or explicitly omit them:
  omit [Nonempty I] [Nonempty S] in theorem ...

Note: This linter can be disabled with `set_option linter.unusedSectionVars false`
warning: TrafficShaping/Game.lean:214:0: automatically included section variable(s) unused in theorem `TrafficShaping.worst_le_weighted`:
  [Nonempty S]
consider restructuring your `variable` declarations so that the variables are not in scope or explicitly omit them:
  omit [Nonempty S] in theorem ...

Note: This linter can be disabled with `set_option linter.unusedSectionVars false`
warning: TrafficShaping/Game.lean:232:0: automatically included section variable(s) unused in theorem `TrafficShaping.weighted_coverage_eq`:
  [Nonempty I]
  [Nonempty S]
consider restructuring your `variable` declarations so that the variables are not in scope or explicitly omit them:
  omit [Nonempty I] [Nonempty S] in theorem ...

Note: This linter can be disabled with `set_option linter.unusedSectionVars false`
⚠ [8708/8713] Replayed TrafficShaping.Law
warning: TrafficShaping/Law.lean:168:17: Used `tac1 <;> tac2` where `(tac1; tac2)` would suffice

Note: This linter can be disabled with `set_option linter.unnecessarySeqFocus false`
warning: TrafficShaping/Law.lean:225:0: automatically included section variable(s) unused in theorem `TrafficShaping.Law.repair_tv_identity`:
  [DecidableEq α]
consider restructuring your `variable` declarations so that the variables are not in scope or explicitly omit them:
  omit [DecidableEq α] in theorem ...

Note: This linter can be disabled with `set_option linter.unusedSectionVars false`
warning: TrafficShaping/Law.lean:273:0: automatically included section variable(s) unused in theorem `TrafficShaping.Law.forbidden_event`:
  [DecidableEq α]
consider restructuring your `variable` declarations so that the variables are not in scope or explicitly omit them:
  omit [DecidableEq α] in theorem ...

Note: This linter can be disabled with `set_option linter.unusedSectionVars false`
warning: TrafficShaping/Law.lean:278:0: automatically included section variable(s) unused in theorem `TrafficShaping.Law.mass_zero_iff`:
  [DecidableEq α]
consider restructuring your `variable` declarations so that the variables are not in scope or explicitly omit them:
  omit [DecidableEq α] in theorem ...

Note: This linter can be disabled with `set_option linter.unusedSectionVars false`
warning: TrafficShaping/Law.lean:288:0: automatically included section variable(s) unused in theorem `TrafficShaping.Law.exists_of_map_pos`:
  [DecidableEq α]
consider restructuring your `variable` declarations so that the variables are not in scope or explicitly omit them:
  omit [DecidableEq α] in theorem ...

Note: This linter can be disabled with `set_option linter.unusedSectionVars false`
warning: TrafficShaping/Law.lean:321:0: automatically included section variable(s) unused in theorem `TrafficShaping.Law.le_map_apply`:
  [DecidableEq α]
consider restructuring your `variable` declarations so that the variables are not in scope or explicitly omit them:
  omit [DecidableEq α] in theorem ...

Note: This linter can be disabled with `set_option linter.unusedSectionVars false`
⚠ [8710/8713] Replayed TrafficShaping.Saturation
warning: TrafficShaping/Saturation.lean:36:44: Variable name `hm` is not explicitly referenced.

Hint: The binding can be removed (if unused) or named `_` (if used implicitly). Alternatively, prefix the name with `_` to silence this warning:
  [apply] _hm

Note: This linter can be disabled with `set_option linter.unusedVariables false`
warning: TrafficShaping/Saturation.lean:44:45: Variable name `hm` is not explicitly referenced.

Hint: The binding can be removed (if unused) or named `_` (if used implicitly). Alternatively, prefix the name with `_` to silence this warning:
  [apply] _hm

Note: This linter can be disabled with `set_option linter.unusedVariables false`
warning: TrafficShaping/Saturation.lean:77:59: Variable name `hm` is not explicitly referenced.

Hint: The binding can be removed (if unused) or named `_` (if used implicitly). Alternatively, prefix the name with `_` to silence this warning:
  [apply] _hm

Note: This linter can be disabled with `set_option linter.unusedVariables false`
warning: TrafficShaping/Saturation.lean:185:49: Variable name `hm` is not explicitly referenced.

Hint: The binding can be removed (if unused) or named `_` (if used implicitly). Alternatively, prefix the name with `_` to silence this warning:
  [apply] _hm

Note: This linter can be disabled with `set_option linter.unusedVariables false`
⚠ [8711/8713] Replayed TrafficShaping.Achievability
warning: TrafficShaping/Achievability.lean:172:2: Try this: 
  letI̵

The goal is a proposition, so `let` is preferred over `letI`.
The difference between `let` and `letI` is that `letI` inlines the value.
But this is not relevant for proofs because of proof irrelevance.

Note: This linter can be disabled with `set_option linter.style.haveILetI false`
warning: TrafficShaping/Achievability.lean:173:2: Try this: 
  letI̵

The goal is a proposition, so `let` is preferred over `letI`.
The difference between `let` and `letI` is that `letI` inlines the value.
But this is not relevant for proofs because of proof irrelevance.

Note: This linter can be disabled with `set_option linter.style.haveILetI false`
⚠ [8712/8713] Replayed TrafficShaping.Converse
warning: TrafficShaping/Converse.lean:188:2: Try this: 
  letI̵

The goal is a proposition, so `let` is preferred over `letI`.
The difference between `let` and `letI` is that `letI` inlines the value.
But this is not relevant for proofs because of proof irrelevance.

Note: This linter can be disabled with `set_option linter.style.haveILetI false`
warning: TrafficShaping/Converse.lean:189:2: Try this: 
  letI̵

The goal is a proposition, so `let` is preferred over `letI`.
The difference between `let` and `letI` is that `letI` inlines the value.
But this is not relevant for proofs because of proof irrelevance.

Note: This linter can be disabled with `set_option linter.style.haveILetI false`
warning: TrafficShaping/Converse.lean:183:46: Variable name `hmb` is not explicitly referenced.

Hint: The binding can be removed (if unused) or named `_` (if used implicitly). Alternatively, prefix the name with `_` to silence this warning:
  [apply] _hmb

Note: This linter can be disabled with `set_option linter.unusedVariables false`
warning: TrafficShaping/Converse.lean:210:2: Try this: 
  letI̵

The goal is a proposition, so `let` is preferred over `letI`.
The difference between `let` and `letI` is that `letI` inlines the value.
But this is not relevant for proofs because of proof irrelevance.

Note: This linter can be disabled with `set_option linter.style.haveILetI false`
warning: TrafficShaping/Converse.lean:211:2: Try this: 
  letI̵

The goal is a proposition, so `let` is preferred over `letI`.
The difference between `let` and `letI` is that `letI` inlines the value.
But this is not relevant for proofs because of proof irrelevance.

Note: This linter can be disabled with `set_option linter.style.haveILetI false`
⚠ [8713/8713] Built TrafficShaping.MainTheorem (5.9s)
warning: TrafficShaping/MainTheorem.lean:50:59: Variable name `hB` is not explicitly referenced.

Hint: The binding can be removed (if unused) or named `_` (if used implicitly). Alternatively, prefix the name with `_` to silence this warning:
  [apply] _hB

Note: This linter can be disabled with `set_option linter.unusedVariables false`
warning: TrafficShaping/MainTheorem.lean:55:58: Variable name `hmb` is not explicitly referenced.

Hint: The binding can be removed (if unused) or named `_` (if used implicitly). Alternatively, prefix the name with `_` to silence this warning:
  [apply] _hmb

Note: This linter can be disabled with `set_option linter.unusedVariables false`
warning: TrafficShaping/MainTheorem.lean:56:5: Variable name `hB` is not explicitly referenced.

Hint: The binding can be removed (if unused) or named `_` (if used implicitly). Alternatively, prefix the name with `_` to silence this warning:
  [apply] _hB

Note: This linter can be disabled with `set_option linter.unusedVariables false`
warning: TrafficShaping/MainTheorem.lean:63:2: Try this: 
  letI̵

The goal is a proposition, so `let` is preferred over `letI`.
The difference between `let` and `letI` is that `letI` inlines the value.
But this is not relevant for proofs because of proof irrelevance.

Note: This linter can be disabled with `set_option linter.style.haveILetI false`
warning: TrafficShaping/MainTheorem.lean:64:2: Try this: 
  letI̵

The goal is a proposition, so `let` is preferred over `letI`.
The difference between `let` and `letI` is that `letI` inlines the value.
But this is not relevant for proofs because of proof irrelevance.

Note: This linter can be disabled with `set_option linter.style.haveILetI false`
warning: TrafficShaping/MainTheorem.lean:72:2: Try this: 
  letI̵

The goal is a proposition, so `let` is preferred over `letI`.
The difference between `let` and `letI` is that `letI` inlines the value.
But this is not relevant for proofs because of proof irrelevance.

Note: This linter can be disabled with `set_option linter.style.haveILetI false`
warning: TrafficShaping/MainTheorem.lean:73:2: Try this: 
  letI̵

The goal is a proposition, so `let` is preferred over `letI`.
The difference between `let` and `letI` is that `letI` inlines the value.
But this is not relevant for proofs because of proof irrelevance.

Note: This linter can be disabled with `set_option linter.style.haveILetI false`
warning: TrafficShaping/MainTheorem.lean:84:2: Try this: 
  letI̵

The goal is a proposition, so `let` is preferred over `letI`.
The difference between `let` and `letI` is that `letI` inlines the value.
But this is not relevant for proofs because of proof irrelevance.

Note: This linter can be disabled with `set_option linter.style.haveILetI false`
warning: TrafficShaping/MainTheorem.lean:85:2: Try this: 
  letI̵

The goal is a proposition, so `let` is preferred over `letI`.
The difference between `let` and `letI` is that `letI` inlines the value.
But this is not relevant for proofs because of proof irrelevance.

Note: This linter can be disabled with `set_option linter.style.haveILetI false`
Build completed successfully (8713 jobs).
