reproduce	Set up job	﻿2026-09-10T20:28:16.0121590Z Current runner version: '2.337.0'
reproduce	Set up job	2026-09-10T20:28:16.0183916Z ##[group]Runner Image Provisioner
reproduce	Set up job	2026-09-10T20:28:16.0185332Z Hosted Compute Agent
reproduce	Set up job	2026-09-10T20:28:16.0186529Z Version: 20260828.587
reproduce	Set up job	2026-09-10T20:28:16.0188178Z Commit: abac92662cab4cc7352de4f9f9d2e2419aad9c29
reproduce	Set up job	2026-09-10T20:28:16.0189536Z Build Date: 2026-08-28T16:44:25Z
reproduce	Set up job	2026-09-10T20:28:16.0190920Z Worker ID: {8d880e57-cda6-4c02-bca5-90a7550339f6}
reproduce	Set up job	2026-09-10T20:28:16.0192225Z Azure Region: westcentralus
reproduce	Set up job	2026-09-10T20:28:16.0193345Z ##[endgroup]
reproduce	Set up job	2026-09-10T20:28:16.0195658Z ##[group]Operating System
reproduce	Set up job	2026-09-10T20:28:16.0196750Z Ubuntu
reproduce	Set up job	2026-09-10T20:28:16.0218223Z 24.04.5
reproduce	Set up job	2026-09-10T20:28:16.0219228Z LTS
reproduce	Set up job	2026-09-10T20:28:16.0220020Z ##[endgroup]
reproduce	Set up job	2026-09-10T20:28:16.0221422Z ##[group]Runner Image
reproduce	Set up job	2026-09-10T20:28:16.0222525Z Image: ubuntu-24.04
reproduce	Set up job	2026-09-10T20:28:16.0223674Z Version: 20260907.300.1
reproduce	Set up job	2026-09-10T20:28:16.0225641Z Included Software: https://github.com/actions/runner-images/blob/ubuntu24/20260907.300/images/ubuntu/Ubuntu2404-Readme.md
reproduce	Set up job	2026-09-10T20:28:16.0229235Z Image Release: https://github.com/actions/runner-images/releases/tag/ubuntu24%2F20260907.300
reproduce	Set up job	2026-09-10T20:28:16.0231106Z ##[endgroup]
reproduce	Set up job	2026-09-10T20:28:16.0233119Z ##[group]GITHUB_TOKEN Permissions
reproduce	Set up job	2026-09-10T20:28:16.0258795Z Contents: read
reproduce	Set up job	2026-09-10T20:28:16.0259920Z Metadata: read
reproduce	Set up job	2026-09-10T20:28:16.0260911Z ##[endgroup]
reproduce	Set up job	2026-09-10T20:28:16.0264284Z Secret source: Actions
reproduce	Set up job	2026-09-10T20:28:16.0266106Z Cache mode: write
reproduce	Set up job	2026-09-10T20:28:16.0267975Z Prepare workflow directory
reproduce	Set up job	2026-09-10T20:28:16.0854643Z Prepare all required actions
reproduce	Set up job	2026-09-10T20:28:16.1007009Z Getting action download info
reproduce	Set up job	2026-09-10T20:28:16.4975350Z Download action repository 'actions/checkout@11d5960a326750d5838078e36cf38b85af677262' (SHA:11d5960a326750d5838078e36cf38b85af677262)
reproduce	Set up job	2026-09-10T20:28:16.6225337Z Download action repository 'actions/setup-python@a26af69be951a213d495a4c3e4e4022e16d87065' (SHA:a26af69be951a213d495a4c3e4e4022e16d87065)
reproduce	Set up job	2026-09-10T20:28:16.8122048Z Complete job name: reproduce
reproduce	Run actions/checkout@11d5960a326750d5838078e36cf38b85af677262	﻿2026-09-10T20:28:16.8884926Z Node 20 is being deprecated. This workflow is running with Node 24 by default. If you need to temporarily use Node 20, you can set the ACTIONS_ALLOW_USE_UNSECURE_NODE_VERSION=true environment variable. For more information see: https://github.blog/changelog/2025-09-19-deprecation-of-node-20-on-github-actions-runners/
reproduce	Run actions/checkout@11d5960a326750d5838078e36cf38b85af677262	2026-09-10T20:28:16.8894089Z ##[group]Run actions/checkout@11d5960a326750d5838078e36cf38b85af677262
reproduce	Run actions/checkout@11d5960a326750d5838078e36cf38b85af677262	2026-09-10T20:28:16.8895107Z with:
reproduce	Run actions/checkout@11d5960a326750d5838078e36cf38b85af677262	2026-09-10T20:28:16.8895600Z   repository: rupeq/traffic-shaping-lean
reproduce	Run actions/checkout@11d5960a326750d5838078e36cf38b85af677262	2026-09-10T20:28:16.8899661Z   token: ***
reproduce	Run actions/checkout@11d5960a326750d5838078e36cf38b85af677262	2026-09-10T20:28:16.8900110Z   ssh-strict: true
reproduce	Run actions/checkout@11d5960a326750d5838078e36cf38b85af677262	2026-09-10T20:28:16.8900561Z   ssh-user: git
reproduce	Run actions/checkout@11d5960a326750d5838078e36cf38b85af677262	2026-09-10T20:28:16.8901007Z   persist-credentials: true
reproduce	Run actions/checkout@11d5960a326750d5838078e36cf38b85af677262	2026-09-10T20:28:16.8901488Z   clean: true
reproduce	Run actions/checkout@11d5960a326750d5838078e36cf38b85af677262	2026-09-10T20:28:16.8901940Z   sparse-checkout-cone-mode: true
reproduce	Run actions/checkout@11d5960a326750d5838078e36cf38b85af677262	2026-09-10T20:28:16.8902469Z   fetch-depth: 1
reproduce	Run actions/checkout@11d5960a326750d5838078e36cf38b85af677262	2026-09-10T20:28:16.8902903Z   fetch-tags: false
reproduce	Run actions/checkout@11d5960a326750d5838078e36cf38b85af677262	2026-09-10T20:28:16.8903346Z   show-progress: true
reproduce	Run actions/checkout@11d5960a326750d5838078e36cf38b85af677262	2026-09-10T20:28:16.8903791Z   lfs: false
reproduce	Run actions/checkout@11d5960a326750d5838078e36cf38b85af677262	2026-09-10T20:28:16.8904268Z   submodules: false
reproduce	Run actions/checkout@11d5960a326750d5838078e36cf38b85af677262	2026-09-10T20:28:16.8904754Z   set-safe-directory: true
reproduce	Run actions/checkout@11d5960a326750d5838078e36cf38b85af677262	2026-09-10T20:28:16.8905336Z   allow-unsafe-pr-checkout: false
reproduce	Run actions/checkout@11d5960a326750d5838078e36cf38b85af677262	2026-09-10T20:28:16.8906243Z ##[endgroup]
reproduce	Run actions/checkout@11d5960a326750d5838078e36cf38b85af677262	2026-09-10T20:28:17.0108803Z Syncing repository: rupeq/traffic-shaping-lean
reproduce	Run actions/checkout@11d5960a326750d5838078e36cf38b85af677262	2026-09-10T20:28:17.0112783Z ##[group]Getting Git version info
reproduce	Run actions/checkout@11d5960a326750d5838078e36cf38b85af677262	2026-09-10T20:28:17.0114664Z Working directory is '/home/runner/work/traffic-shaping-lean/traffic-shaping-lean'
reproduce	Run actions/checkout@11d5960a326750d5838078e36cf38b85af677262	2026-09-10T20:28:17.0130622Z [command]/usr/bin/git version
reproduce	Run actions/checkout@11d5960a326750d5838078e36cf38b85af677262	2026-09-10T20:28:17.0284928Z git version 2.55.0
reproduce	Run actions/checkout@11d5960a326750d5838078e36cf38b85af677262	2026-09-10T20:28:17.0322039Z ##[endgroup]
reproduce	Run actions/checkout@11d5960a326750d5838078e36cf38b85af677262	2026-09-10T20:28:17.0342086Z Temporarily overriding HOME='/home/runner/work/_temp/fbfcc212-5749-4b62-b512-f14b647d6c8b' before making global git config changes
reproduce	Run actions/checkout@11d5960a326750d5838078e36cf38b85af677262	2026-09-10T20:28:17.0344654Z Adding repository directory to the temporary git global config as a safe directory
reproduce	Run actions/checkout@11d5960a326750d5838078e36cf38b85af677262	2026-09-10T20:28:17.0347027Z [command]/usr/bin/git config --global --add safe.directory /home/runner/work/traffic-shaping-lean/traffic-shaping-lean
reproduce	Run actions/checkout@11d5960a326750d5838078e36cf38b85af677262	2026-09-10T20:28:17.1531615Z Deleting the contents of '/home/runner/work/traffic-shaping-lean/traffic-shaping-lean'
reproduce	Run actions/checkout@11d5960a326750d5838078e36cf38b85af677262	2026-09-10T20:28:17.1540257Z ##[group]Initializing the repository
reproduce	Run actions/checkout@11d5960a326750d5838078e36cf38b85af677262	2026-09-10T20:28:17.1541998Z [command]/usr/bin/git init /home/runner/work/traffic-shaping-lean/traffic-shaping-lean
reproduce	Run actions/checkout@11d5960a326750d5838078e36cf38b85af677262	2026-09-10T20:28:17.1543654Z hint: Using 'master' as the name for the initial branch. This default branch name
reproduce	Run actions/checkout@11d5960a326750d5838078e36cf38b85af677262	2026-09-10T20:28:17.1545361Z hint: will change to "main" in Git 3.0. To configure the initial branch name
reproduce	Run actions/checkout@11d5960a326750d5838078e36cf38b85af677262	2026-09-10T20:28:17.1548860Z hint: to use in all of your new repositories, which will suppress this warning,
reproduce	Run actions/checkout@11d5960a326750d5838078e36cf38b85af677262	2026-09-10T20:28:17.1550629Z hint: call:
reproduce	Run actions/checkout@11d5960a326750d5838078e36cf38b85af677262	2026-09-10T20:28:17.1551579Z hint:
reproduce	Run actions/checkout@11d5960a326750d5838078e36cf38b85af677262	2026-09-10T20:28:17.1552711Z hint: 	git config --global init.defaultBranch <name>
reproduce	Run actions/checkout@11d5960a326750d5838078e36cf38b85af677262	2026-09-10T20:28:17.1553981Z hint:
reproduce	Run actions/checkout@11d5960a326750d5838078e36cf38b85af677262	2026-09-10T20:28:17.1555148Z hint: Names commonly chosen instead of 'master' are 'main', 'trunk' and
reproduce	Run actions/checkout@11d5960a326750d5838078e36cf38b85af677262	2026-09-10T20:28:17.1557029Z hint: 'development'. The just-created branch can be renamed via this command:
reproduce	Run actions/checkout@11d5960a326750d5838078e36cf38b85af677262	2026-09-10T20:28:17.1559605Z hint:
reproduce	Run actions/checkout@11d5960a326750d5838078e36cf38b85af677262	2026-09-10T20:28:17.1560612Z hint: 	git branch -m <name>
reproduce	Run actions/checkout@11d5960a326750d5838078e36cf38b85af677262	2026-09-10T20:28:17.1561800Z hint:
reproduce	Run actions/checkout@11d5960a326750d5838078e36cf38b85af677262	2026-09-10T20:28:17.1563473Z hint: Disable this message with "git config set advice.defaultBranchName false"
reproduce	Run actions/checkout@11d5960a326750d5838078e36cf38b85af677262	2026-09-10T20:28:17.1565715Z Initialized empty Git repository in /home/runner/work/traffic-shaping-lean/traffic-shaping-lean/.git/
reproduce	Run actions/checkout@11d5960a326750d5838078e36cf38b85af677262	2026-09-10T20:28:17.1570356Z [command]/usr/bin/git remote add origin https://github.com/rupeq/traffic-shaping-lean
reproduce	Run actions/checkout@11d5960a326750d5838078e36cf38b85af677262	2026-09-10T20:28:17.1573319Z ##[endgroup]
reproduce	Run actions/checkout@11d5960a326750d5838078e36cf38b85af677262	2026-09-10T20:28:17.1574603Z ##[group]Disabling automatic garbage collection
reproduce	Run actions/checkout@11d5960a326750d5838078e36cf38b85af677262	2026-09-10T20:28:17.1576482Z [command]/usr/bin/git config --local gc.auto 0
reproduce	Run actions/checkout@11d5960a326750d5838078e36cf38b85af677262	2026-09-10T20:28:17.1580402Z ##[endgroup]
reproduce	Run actions/checkout@11d5960a326750d5838078e36cf38b85af677262	2026-09-10T20:28:17.1581916Z ##[group]Setting up auth
reproduce	Run actions/checkout@11d5960a326750d5838078e36cf38b85af677262	2026-09-10T20:28:17.1583736Z [command]/usr/bin/git config --local --name-only --get-regexp core\.sshCommand
reproduce	Run actions/checkout@11d5960a326750d5838078e36cf38b85af677262	2026-09-10T20:28:17.1599730Z [command]/usr/bin/git submodule foreach --recursive sh -c "git config --local --name-only --get-regexp 'core\.sshCommand' && git config --local --unset-all 'core.sshCommand' || :"
reproduce	Run actions/checkout@11d5960a326750d5838078e36cf38b85af677262	2026-09-10T20:28:17.1704804Z [command]/usr/bin/git config --local --name-only --get-regexp http\.https\:\/\/github\.com\/\.extraheader
reproduce	Run actions/checkout@11d5960a326750d5838078e36cf38b85af677262	2026-09-10T20:28:17.1766623Z [command]/usr/bin/git submodule foreach --recursive sh -c "git config --local --name-only --get-regexp 'http\.https\:\/\/github\.com\/\.extraheader' && git config --local --unset-all 'http.https://github.com/.extraheader' || :"
reproduce	Run actions/checkout@11d5960a326750d5838078e36cf38b85af677262	2026-09-10T20:28:17.2057503Z [command]/usr/bin/git config --local --name-only --get-regexp ^includeIf\.gitdir:
reproduce	Run actions/checkout@11d5960a326750d5838078e36cf38b85af677262	2026-09-10T20:28:17.2106883Z [command]/usr/bin/git submodule foreach --recursive git config --local --show-origin --name-only --get-regexp remote.origin.url
reproduce	Run actions/checkout@11d5960a326750d5838078e36cf38b85af677262	2026-09-10T20:28:17.2359960Z [command]/usr/bin/git config --local http.https://github.com/.extraheader AUTHORIZATION: basic ***
reproduce	Run actions/checkout@11d5960a326750d5838078e36cf38b85af677262	2026-09-10T20:28:17.2403299Z ##[endgroup]
reproduce	Run actions/checkout@11d5960a326750d5838078e36cf38b85af677262	2026-09-10T20:28:17.2405179Z ##[group]Fetching the repository
reproduce	Run actions/checkout@11d5960a326750d5838078e36cf38b85af677262	2026-09-10T20:28:17.2416317Z [command]/usr/bin/git -c protocol.version=2 fetch --no-tags --prune --no-recurse-submodules --depth=1 origin +6c1ec93447ba4319505af26bbd15977bb2539e59:refs/remotes/origin/main
reproduce	Run actions/checkout@11d5960a326750d5838078e36cf38b85af677262	2026-09-10T20:28:17.7923190Z From https://github.com/rupeq/traffic-shaping-lean
reproduce	Run actions/checkout@11d5960a326750d5838078e36cf38b85af677262	2026-09-10T20:28:17.7938879Z  * [new ref]         6c1ec93447ba4319505af26bbd15977bb2539e59 -> origin/main
reproduce	Run actions/checkout@11d5960a326750d5838078e36cf38b85af677262	2026-09-10T20:28:17.7943659Z ##[endgroup]
reproduce	Run actions/checkout@11d5960a326750d5838078e36cf38b85af677262	2026-09-10T20:28:17.7945178Z ##[group]Determining the checkout info
reproduce	Run actions/checkout@11d5960a326750d5838078e36cf38b85af677262	2026-09-10T20:28:17.7946878Z ##[endgroup]
reproduce	Run actions/checkout@11d5960a326750d5838078e36cf38b85af677262	2026-09-10T20:28:17.7948482Z [command]/usr/bin/git sparse-checkout disable
reproduce	Run actions/checkout@11d5960a326750d5838078e36cf38b85af677262	2026-09-10T20:28:17.7998034Z [command]/usr/bin/git config --local --unset-all extensions.worktreeConfig
reproduce	Run actions/checkout@11d5960a326750d5838078e36cf38b85af677262	2026-09-10T20:28:17.8033308Z ##[group]Checking out the ref
reproduce	Run actions/checkout@11d5960a326750d5838078e36cf38b85af677262	2026-09-10T20:28:17.8038772Z [command]/usr/bin/git checkout --progress --force -B main refs/remotes/origin/main
reproduce	Run actions/checkout@11d5960a326750d5838078e36cf38b85af677262	2026-09-10T20:28:17.8139774Z Switched to a new branch 'main'
reproduce	Run actions/checkout@11d5960a326750d5838078e36cf38b85af677262	2026-09-10T20:28:17.8155593Z branch 'main' set up to track 'origin/main'.
reproduce	Run actions/checkout@11d5960a326750d5838078e36cf38b85af677262	2026-09-10T20:28:17.8160329Z ##[endgroup]
reproduce	Run actions/checkout@11d5960a326750d5838078e36cf38b85af677262	2026-09-10T20:28:17.8200662Z [command]/usr/bin/git log -1 --format=%H
reproduce	Run actions/checkout@11d5960a326750d5838078e36cf38b85af677262	2026-09-10T20:28:17.8229338Z 6c1ec93447ba4319505af26bbd15977bb2539e59
reproduce	Run actions/setup-python@a26af69be951a213d495a4c3e4e4022e16d87065	﻿2026-09-10T20:28:17.8551523Z Node 20 is being deprecated. This workflow is running with Node 24 by default. If you need to temporarily use Node 20, you can set the ACTIONS_ALLOW_USE_UNSECURE_NODE_VERSION=true environment variable. For more information see: https://github.blog/changelog/2025-09-19-deprecation-of-node-20-on-github-actions-runners/
reproduce	Run actions/setup-python@a26af69be951a213d495a4c3e4e4022e16d87065	2026-09-10T20:28:17.8554560Z ##[group]Run actions/setup-python@a26af69be951a213d495a4c3e4e4022e16d87065
reproduce	Run actions/setup-python@a26af69be951a213d495a4c3e4e4022e16d87065	2026-09-10T20:28:17.8555348Z with:
reproduce	Run actions/setup-python@a26af69be951a213d495a4c3e4e4022e16d87065	2026-09-10T20:28:17.8555796Z   python-version: 3.12
reproduce	Run actions/setup-python@a26af69be951a213d495a4c3e4e4022e16d87065	2026-09-10T20:28:17.8556299Z   check-latest: false
reproduce	Run actions/setup-python@a26af69be951a213d495a4c3e4e4022e16d87065	2026-09-10T20:28:17.8560415Z   token: ***
reproduce	Run actions/setup-python@a26af69be951a213d495a4c3e4e4022e16d87065	2026-09-10T20:28:17.8560914Z   update-environment: true
reproduce	Run actions/setup-python@a26af69be951a213d495a4c3e4e4022e16d87065	2026-09-10T20:28:17.8561461Z   allow-prereleases: false
reproduce	Run actions/setup-python@a26af69be951a213d495a4c3e4e4022e16d87065	2026-09-10T20:28:17.8561988Z   freethreaded: false
reproduce	Run actions/setup-python@a26af69be951a213d495a4c3e4e4022e16d87065	2026-09-10T20:28:17.8562473Z ##[endgroup]
reproduce	Run actions/setup-python@a26af69be951a213d495a4c3e4e4022e16d87065	2026-09-10T20:28:17.9976097Z ##[group]Installed versions
reproduce	Run actions/setup-python@a26af69be951a213d495a4c3e4e4022e16d87065	2026-09-10T20:28:18.0074936Z (node:2093) [DEP0040] DeprecationWarning: The `punycode` module is deprecated. Please use a userland alternative instead.
reproduce	Run actions/setup-python@a26af69be951a213d495a4c3e4e4022e16d87065	2026-09-10T20:28:18.0077918Z Successfully set up CPython (3.12.14)
reproduce	Run actions/setup-python@a26af69be951a213d495a4c3e4e4022e16d87065	2026-09-10T20:28:18.0079703Z (Use `node --trace-deprecation ...` to show where the warning was created)
reproduce	Run actions/setup-python@a26af69be951a213d495a4c3e4e4022e16d87065	2026-09-10T20:28:18.0099178Z ##[endgroup]
reproduce	Verify source checksums	﻿2026-09-10T20:28:18.0355760Z ##[group]Run sha256sum --check SHA256SUMS
reproduce	Verify source checksums	2026-09-10T20:28:18.0357009Z [36;1msha256sum --check SHA256SUMS[0m
reproduce	Verify source checksums	2026-09-10T20:28:18.0426119Z shell: /usr/bin/bash -e {0}
reproduce	Verify source checksums	2026-09-10T20:28:18.0427116Z env:
reproduce	Verify source checksums	2026-09-10T20:28:18.0428334Z   pythonLocation: /opt/hostedtoolcache/Python/3.12.14/x64
reproduce	Verify source checksums	2026-09-10T20:28:18.0429860Z   PKG_CONFIG_PATH: /opt/hostedtoolcache/Python/3.12.14/x64/lib/pkgconfig
reproduce	Verify source checksums	2026-09-10T20:28:18.0431402Z   Python_ROOT_DIR: /opt/hostedtoolcache/Python/3.12.14/x64
reproduce	Verify source checksums	2026-09-10T20:28:18.0432816Z   Python2_ROOT_DIR: /opt/hostedtoolcache/Python/3.12.14/x64
reproduce	Verify source checksums	2026-09-10T20:28:18.0434189Z   Python3_ROOT_DIR: /opt/hostedtoolcache/Python/3.12.14/x64
reproduce	Verify source checksums	2026-09-10T20:28:18.0435351Z   LD_LIBRARY_PATH: /opt/hostedtoolcache/Python/3.12.14/x64/lib
reproduce	Verify source checksums	2026-09-10T20:28:18.0436643Z ##[endgroup]
reproduce	Verify source checksums	2026-09-10T20:28:18.0695507Z CERTIFICATE-CHECK.json: OK
reproduce	Verify source checksums	2026-09-10T20:28:18.0697116Z ENVIRONMENT-ADDITIONS.json: OK
reproduce	Verify source checksums	2026-09-10T20:28:18.0699085Z ENVIRONMENT.json: OK
reproduce	Verify source checksums	2026-09-10T20:28:18.0700300Z EXTRA-CERTIFICATE-CHECK.json: OK
reproduce	Verify source checksums	2026-09-10T20:28:18.0701628Z EXTRA-CERTIFICATES.json: OK
reproduce	Verify source checksums	2026-09-10T20:28:18.0702811Z FALLBACK-CHECK.json: OK
reproduce	Verify source checksums	2026-09-10T20:28:18.0704146Z FRONTIERS.json: OK
reproduce	Verify source checksums	2026-09-10T20:28:18.0705352Z NEGATIVE-CHECKS.json: OK
reproduce	Verify source checksums	2026-09-10T20:28:18.0706681Z NO-SAVINGS-CHECK.json: OK
reproduce	Verify source checksums	2026-09-10T20:28:18.0708277Z QUANTITATIVE-CHECK.json: OK
reproduce	Verify source checksums	2026-09-10T20:28:18.0712639Z README.md: OK
reproduce	Verify source checksums	2026-09-10T20:28:18.0714499Z REPRODUCIBILITY-CHECK.json: OK
reproduce	Verify source checksums	2026-09-10T20:28:18.0716136Z REPRODUCIBILITY-CHECK.log: OK
reproduce	Verify source checksums	2026-09-10T20:28:18.0718007Z SOURCE-PROVENANCE.json: OK
reproduce	Verify source checksums	2026-09-10T20:28:18.0719534Z TABLE-1.csv: OK
reproduce	Verify source checksums	2026-09-10T20:28:18.0720900Z TABLE-3.csv: OK
reproduce	Verify source checksums	2026-09-10T20:28:18.0722292Z ZERO-DELAY-EXACT-CHECK.json: OK
reproduce	Verify source checksums	2026-09-10T20:28:18.0723810Z covering.py: OK
reproduce	Verify source checksums	2026-09-10T20:28:18.0725205Z fallback_check.py: OK
reproduce	Verify source checksums	2026-09-10T20:28:18.0726648Z independent_certificate_check.py: OK
reproduce	Verify source checksums	2026-09-10T20:28:18.0728762Z no_savings_check.py: OK
reproduce	Verify source checksums	2026-09-10T20:28:18.0730291Z quantitative_check.py: OK
reproduce	Verify source checksums	2026-09-10T20:28:18.0731363Z regenerate_extra.py: OK
reproduce	Verify source checksums	2026-09-10T20:28:18.0732319Z regenerate_frontiers.py: OK
reproduce	Verify source checksums	2026-09-10T20:28:18.0733249Z requirements.txt: OK
reproduce	Verify source checksums	2026-09-10T20:28:18.0734095Z run_checks.py: OK
reproduce	Verify source checksums	2026-09-10T20:28:18.0734935Z verification-extra.log: OK
reproduce	Verify source checksums	2026-09-10T20:28:18.0735866Z verification-final.log: OK
reproduce	Verify source checksums	2026-09-10T20:28:18.0736664Z verification.log: OK
reproduce	Verify source checksums	2026-09-10T20:28:18.0737193Z verify_extra.py: OK
reproduce	Verify source checksums	2026-09-10T20:28:18.0738436Z zero_delay_independent_check.py: OK
reproduce	Install pinned solver dependencies	﻿2026-09-10T20:28:18.0785738Z ##[group]Run python -m pip install -r computations/requirements.txt
reproduce	Install pinned solver dependencies	2026-09-10T20:28:18.0786786Z [36;1mpython -m pip install -r computations/requirements.txt[0m
reproduce	Install pinned solver dependencies	2026-09-10T20:28:18.0825115Z shell: /usr/bin/bash -e {0}
reproduce	Install pinned solver dependencies	2026-09-10T20:28:18.0825673Z env:
reproduce	Install pinned solver dependencies	2026-09-10T20:28:18.0826233Z   pythonLocation: /opt/hostedtoolcache/Python/3.12.14/x64
reproduce	Install pinned solver dependencies	2026-09-10T20:28:18.0827112Z   PKG_CONFIG_PATH: /opt/hostedtoolcache/Python/3.12.14/x64/lib/pkgconfig
reproduce	Install pinned solver dependencies	2026-09-10T20:28:18.0828310Z   Python_ROOT_DIR: /opt/hostedtoolcache/Python/3.12.14/x64
reproduce	Install pinned solver dependencies	2026-09-10T20:28:18.0829120Z   Python2_ROOT_DIR: /opt/hostedtoolcache/Python/3.12.14/x64
reproduce	Install pinned solver dependencies	2026-09-10T20:28:18.0829923Z   Python3_ROOT_DIR: /opt/hostedtoolcache/Python/3.12.14/x64
reproduce	Install pinned solver dependencies	2026-09-10T20:28:18.0830753Z   LD_LIBRARY_PATH: /opt/hostedtoolcache/Python/3.12.14/x64/lib
reproduce	Install pinned solver dependencies	2026-09-10T20:28:18.0831453Z ##[endgroup]
reproduce	Install pinned solver dependencies	2026-09-10T20:28:19.3335244Z Collecting numpy==2.5.3 (from -r computations/requirements.txt (line 1))
reproduce	Install pinned solver dependencies	2026-09-10T20:28:19.4470692Z   Downloading numpy-2.5.3-cp312-cp312-manylinux_2_27_x86_64.manylinux_2_28_x86_64.whl.metadata (6.6 kB)
reproduce	Install pinned solver dependencies	2026-09-10T20:28:19.7039967Z Collecting scipy==1.18.1 (from -r computations/requirements.txt (line 2))
reproduce	Install pinned solver dependencies	2026-09-10T20:28:19.7230872Z   Downloading scipy-1.18.1-cp312-cp312-manylinux_2_27_x86_64.manylinux_2_28_x86_64.whl.metadata (62 kB)
reproduce	Install pinned solver dependencies	2026-09-10T20:28:19.7851152Z Downloading numpy-2.5.3-cp312-cp312-manylinux_2_27_x86_64.manylinux_2_28_x86_64.whl (16.7 MB)
reproduce	Install pinned solver dependencies	2026-09-10T20:28:20.0205052Z    ━━━━━━━━━━━━━━━━━━━━━━━━━━━━━━━━━━━━━━━━ 16.7/16.7 MB 83.6 MB/s  0:00:00
reproduce	Install pinned solver dependencies	2026-09-10T20:28:20.0406981Z Downloading scipy-1.18.1-cp312-cp312-manylinux_2_27_x86_64.manylinux_2_28_x86_64.whl (35.3 MB)
reproduce	Install pinned solver dependencies	2026-09-10T20:28:20.1600958Z    ━━━━━━━━━━━━━━━━━━━━━━━━━━━━━━━━━━━━━━━━ 35.3/35.3 MB 302.9 MB/s  0:00:00
reproduce	Install pinned solver dependencies	2026-09-10T20:28:20.2899311Z Installing collected packages: numpy, scipy
reproduce	Install pinned solver dependencies	2026-09-10T20:28:27.3108381Z 
reproduce	Install pinned solver dependencies	2026-09-10T20:28:27.3115090Z Successfully installed numpy-2.5.3 scipy-1.18.1
reproduce	Check saved witnesses and regenerate every positive-delay LP	﻿2026-09-10T20:28:27.3691777Z ##[group]Run python computations/run_checks.py --outputdir .check-output/computations --full-regenerate
reproduce	Check saved witnesses and regenerate every positive-delay LP	2026-09-10T20:28:27.3692614Z [36;1mpython computations/run_checks.py --outputdir .check-output/computations --full-regenerate[0m
reproduce	Check saved witnesses and regenerate every positive-delay LP	2026-09-10T20:28:27.3731217Z shell: /usr/bin/bash -e {0}
reproduce	Check saved witnesses and regenerate every positive-delay LP	2026-09-10T20:28:27.3731514Z env:
reproduce	Check saved witnesses and regenerate every positive-delay LP	2026-09-10T20:28:27.3731817Z   pythonLocation: /opt/hostedtoolcache/Python/3.12.14/x64
reproduce	Check saved witnesses and regenerate every positive-delay LP	2026-09-10T20:28:27.3732292Z   PKG_CONFIG_PATH: /opt/hostedtoolcache/Python/3.12.14/x64/lib/pkgconfig
reproduce	Check saved witnesses and regenerate every positive-delay LP	2026-09-10T20:28:27.3732739Z   Python_ROOT_DIR: /opt/hostedtoolcache/Python/3.12.14/x64
reproduce	Check saved witnesses and regenerate every positive-delay LP	2026-09-10T20:28:27.3733128Z   Python2_ROOT_DIR: /opt/hostedtoolcache/Python/3.12.14/x64
reproduce	Check saved witnesses and regenerate every positive-delay LP	2026-09-10T20:28:27.3733514Z   Python3_ROOT_DIR: /opt/hostedtoolcache/Python/3.12.14/x64
reproduce	Check saved witnesses and regenerate every positive-delay LP	2026-09-10T20:28:27.3733911Z   LD_LIBRARY_PATH: /opt/hostedtoolcache/Python/3.12.14/x64/lib
reproduce	Check saved witnesses and regenerate every positive-delay LP	2026-09-10T20:28:27.3734236Z ##[endgroup]
reproduce	Check saved witnesses and regenerate every positive-delay LP	2026-09-10T20:29:05.4113313Z {
reproduce	Check saved witnesses and regenerate every positive-delay LP	2026-09-10T20:29:05.4114168Z   "status": "PASS",
reproduce	Check saved witnesses and regenerate every positive-delay LP	2026-09-10T20:29:05.4114685Z   "certificates": 95,
reproduce	Check saved witnesses and regenerate every positive-delay LP	2026-09-10T20:29:05.4115307Z   "full_regeneration": "PASS",
reproduce	Check saved witnesses and regenerate every positive-delay LP	2026-09-10T20:29:05.4116293Z   "outputdir": "/home/runner/work/traffic-shaping-lean/traffic-shaping-lean/.check-output/computations",
reproduce	Check saved witnesses and regenerate every positive-delay LP	2026-09-10T20:29:05.4117303Z   "elapsed_seconds": 37.982257972000006
reproduce	Check saved witnesses and regenerate every positive-delay LP	2026-09-10T20:29:05.4118234Z }
reproduce	Post Run actions/setup-python@a26af69be951a213d495a4c3e4e4022e16d87065	﻿2026-09-10T20:29:05.4308359Z Node 20 is being deprecated. This workflow is running with Node 24 by default. If you need to temporarily use Node 20, you can set the ACTIONS_ALLOW_USE_UNSECURE_NODE_VERSION=true environment variable. For more information see: https://github.blog/changelog/2025-09-19-deprecation-of-node-20-on-github-actions-runners/
reproduce	Post Run actions/setup-python@a26af69be951a213d495a4c3e4e4022e16d87065	2026-09-10T20:29:05.4309686Z Post job cleanup.
reproduce	Post Run actions/setup-python@a26af69be951a213d495a4c3e4e4022e16d87065	2026-09-10T20:29:05.5609795Z (node:2149) [DEP0040] DeprecationWarning: The `punycode` module is deprecated. Please use a userland alternative instead.
reproduce	Post Run actions/setup-python@a26af69be951a213d495a4c3e4e4022e16d87065	2026-09-10T20:29:05.5611491Z (Use `node --trace-deprecation ...` to show where the warning was created)
reproduce	Post Run actions/checkout@11d5960a326750d5838078e36cf38b85af677262	﻿2026-09-10T20:29:05.5897431Z Node 20 is being deprecated. This workflow is running with Node 24 by default. If you need to temporarily use Node 20, you can set the ACTIONS_ALLOW_USE_UNSECURE_NODE_VERSION=true environment variable. For more information see: https://github.blog/changelog/2025-09-19-deprecation-of-node-20-on-github-actions-runners/
reproduce	Post Run actions/checkout@11d5960a326750d5838078e36cf38b85af677262	2026-09-10T20:29:05.5900172Z Post job cleanup.
reproduce	Post Run actions/checkout@11d5960a326750d5838078e36cf38b85af677262	2026-09-10T20:29:05.7071229Z [command]/usr/bin/git version
reproduce	Post Run actions/checkout@11d5960a326750d5838078e36cf38b85af677262	2026-09-10T20:29:05.7145917Z git version 2.55.0
reproduce	Post Run actions/checkout@11d5960a326750d5838078e36cf38b85af677262	2026-09-10T20:29:05.7221527Z Temporarily overriding HOME='/home/runner/work/_temp/00c2ec40-5ad7-4fac-aea0-7f35473e9d40' before making global git config changes
reproduce	Post Run actions/checkout@11d5960a326750d5838078e36cf38b85af677262	2026-09-10T20:29:05.7266461Z Adding repository directory to the temporary git global config as a safe directory
reproduce	Post Run actions/checkout@11d5960a326750d5838078e36cf38b85af677262	2026-09-10T20:29:05.7279007Z [command]/usr/bin/git config --global --add safe.directory /home/runner/work/traffic-shaping-lean/traffic-shaping-lean
reproduce	Post Run actions/checkout@11d5960a326750d5838078e36cf38b85af677262	2026-09-10T20:29:05.7337977Z [command]/usr/bin/git config --local --name-only --get-regexp core\.sshCommand
reproduce	Post Run actions/checkout@11d5960a326750d5838078e36cf38b85af677262	2026-09-10T20:29:05.7431464Z [command]/usr/bin/git submodule foreach --recursive sh -c "git config --local --name-only --get-regexp 'core\.sshCommand' && git config --local --unset-all 'core.sshCommand' || :"
reproduce	Post Run actions/checkout@11d5960a326750d5838078e36cf38b85af677262	2026-09-10T20:29:05.8250151Z [command]/usr/bin/git config --local --name-only --get-regexp http\.https\:\/\/github\.com\/\.extraheader
reproduce	Post Run actions/checkout@11d5960a326750d5838078e36cf38b85af677262	2026-09-10T20:29:05.8328551Z http.https://github.com/.extraheader
reproduce	Post Run actions/checkout@11d5960a326750d5838078e36cf38b85af677262	2026-09-10T20:29:05.8368772Z [command]/usr/bin/git config --local --unset-all http.https://github.com/.extraheader
reproduce	Post Run actions/checkout@11d5960a326750d5838078e36cf38b85af677262	2026-09-10T20:29:05.8459675Z [command]/usr/bin/git submodule foreach --recursive sh -c "git config --local --name-only --get-regexp 'http\.https\:\/\/github\.com\/\.extraheader' && git config --local --unset-all 'http.https://github.com/.extraheader' || :"
reproduce	Post Run actions/checkout@11d5960a326750d5838078e36cf38b85af677262	2026-09-10T20:29:05.9211889Z [command]/usr/bin/git config --local --name-only --get-regexp ^includeIf\.gitdir:
reproduce	Post Run actions/checkout@11d5960a326750d5838078e36cf38b85af677262	2026-09-10T20:29:05.9348920Z [command]/usr/bin/git submodule foreach --recursive git config --local --show-origin --name-only --get-regexp remote.origin.url
reproduce	Complete job	﻿2026-09-10T20:29:06.0149732Z Cleaning up orphan processes
reproduce	Complete job	2026-09-10T20:29:06.0464111Z ##[warning]Node.js 20 is deprecated. The following actions target Node.js 20 but are being forced to run on Node.js 24: actions/checkout@11d5960a326750d5838078e36cf38b85af677262, actions/setup-python@a26af69be951a213d495a4c3e4e4022e16d87065. For more information see: https://github.blog/changelog/2025-09-19-deprecation-of-node-20-on-github-actions-runners/
