'TrafficShaping.Law.repair_tv_identity' depends on axioms: [propext, Classical.choice, Quot.sound]
'TrafficShaping.value_attained' depends on axioms: [propext, Classical.choice, Quot.sound]
'TrafficShaping.greedy_true_iff_feasible' depends on axioms: [propext, Classical.choice, Quot.sound]
'TrafficShaping.terminal_subset_of_feasible' depends on axioms: [propext, Classical.choice, Quot.sound]
'TrafficShaping.noncausal_converse_bound' depends on axioms: [propext, Classical.choice, Quot.sound]
'TrafficShaping.causal_converse_bound' depends on axioms: [propext, Classical.choice, Quot.sound]
'TrafficShaping.repairMechanism_tv' depends on axioms: [propext, Classical.choice, Quot.sound]
'TrafficShaping.input_coverage_lower' depends on axioms: [propext, Classical.choice, Quot.sound]
'TrafficShaping.executeState_servedFeasible' depends on axioms: [propext, Classical.choice, Quot.sound]
'TrafficShaping.executeState_queue_empty' depends on axioms: [propext, Classical.choice, Quot.sound]
'TrafficShaping.executeState_served_eq' depends on axioms: [propext, Classical.choice, Quot.sound]
'TrafficShaping.execute_cap' depends on axioms: [propext, Classical.choice, Quot.sound]
'TrafficShaping.execute_causal' depends on axioms: [propext, Classical.choice, Quot.sound]
'TrafficShaping.execute_empty' depends on axioms: [propext, Classical.choice, Quot.sound]
'TrafficShaping.execute_eq_of_feasible' depends on axioms: [propext, Classical.choice, Quot.sound]
'TrafficShaping.onRepair_feasible' depends on axioms: [propext, Classical.choice, Quot.sound]
'TrafficShaping.onMechanism_causal' depends on axioms: [propext, Classical.choice, Quot.sound]
'TrafficShaping.onMechanism_tv' depends on axioms: [propext, Classical.choice, Quot.sound]
'TrafficShaping.onMechanism_private' depends on axioms: [propext, Classical.choice, Quot.sound]
'TrafficShaping.causal_attainment' depends on axioms: [propext, Classical.choice, Quot.sound]
'TrafficShaping.noncausal_attainment' depends on axioms: [propext, Classical.choice, Quot.sound]
'TrafficShaping.noncausal_optimum_isLeast' depends on axioms: [propext, Classical.choice, Quot.sound]
'TrafficShaping.causal_optimum_isLeast' depends on axioms: [propext, Classical.choice, Quot.sound]
'TrafficShaping.noncausal_optimum_eq' depends on axioms: [propext, Classical.choice, Quot.sound]
'TrafficShaping.causal_optimum_eq' depends on axioms: [propext, Classical.choice, Quot.sound]
'TrafficShaping.noncausal_optimum_epsilon_independent' depends on axioms: [propext, Classical.choice, Quot.sound]
'TrafficShaping.causal_optimum_epsilon_independent' depends on axioms: [propext, Classical.choice, Quot.sound]
'TrafficShaping.both_optima_attained_at_zero' depends on axioms: [propext, Classical.choice, Quot.sound]
'TrafficShaping.mechanism_impossible_of_budget_lt' depends on axioms: [propext, Classical.choice, Quot.sound]
'TrafficShaping.Feasible' depends on axioms: [propext, Classical.choice, Quot.sound]
'TrafficShaping.Law.PrivatePair' depends on axioms: [propext, Classical.choice, Quot.sound]
'TrafficShaping.Law.optimal_equal_prior_accuracy' depends on axioms: [propext, Classical.choice, Quot.sound]
'TrafficShaping.Law.privatePair_zero_iff_tv' depends on axioms: [propext, Classical.choice, Quot.sound]
'TrafficShaping.Law.tv' depends on axioms: [propext, Classical.choice, Quot.sound]
'TrafficShaping.Law.tv_triangle' depends on axioms: [propext, Classical.choice, Quot.sound]
'TrafficShaping.OffSchedule' depends on axioms: [propext, Quot.sound]
'TrafficShaping.OnSchedule' depends on axioms: [propext, Classical.choice, Quot.sound]
'TrafficShaping.Private' depends on axioms: [propext, Classical.choice, Quot.sound]
'TrafficShaping.activeRowMinimum_eq_worst' depends on axioms: [propext, Classical.choice, Quot.sound]
'TrafficShaping.active_pair_tv_bound' depends on axioms: [propext, Classical.choice, Quot.sound]
'TrafficShaping.block_noSavings_eq26_chain' depends on axioms: [propext, Classical.choice, Quot.sound]
'TrafficShaping.corollary1_budget_bounds' depends on axioms: [propext, Classical.choice, Quot.sound]
'TrafficShaping.corollary1_ratio_le_two' depends on axioms: [propext, Classical.choice, Quot.sound]
'TrafficShaping.corollary1_real_difference_bounds' depends on axioms: [propext, Classical.choice, Quot.sound]
'TrafficShaping.corollary1_sharpness' depends on axioms: [propext, Classical.choice, Quot.sound]
'TrafficShaping.corollary5_eq24' depends on axioms: [propext, Classical.choice, Quot.sound]
'TrafficShaping.coverage' depends on axioms: [propext, Classical.choice, Quot.sound]
'TrafficShaping.deadline' does not depend on any axioms
'TrafficShaping.dualValue' depends on axioms: [propext, Classical.choice, Quot.sound]
'TrafficShaping.dual_value_isLeast' depends on axioms: [propext, Classical.choice, Quot.sound]
'TrafficShaping.eq10_feasible_complement_le_delta' depends on axioms: [propext, Classical.choice, Quot.sound]
'TrafficShaping.eq11_empty_prefix_cap_mass_one' depends on axioms: [propext, Classical.choice, Quot.sound]
'TrafficShaping.eq19_binomial_identity' depends on axioms: [propext, Classical.choice, Quot.sound]
'TrafficShaping.executeState_queue_length_le' depends on axioms: [propext, Classical.choice, Quot.sound]
'TrafficShaping.execute_exactly_H_steps' depends on axioms: [propext, Classical.choice, Quot.sound]
'TrafficShaping.fastMatch_iff_feasible' depends on axioms: [propext, Classical.choice, Quot.sound]
'TrafficShaping.fullInput_card' depends on axioms: [propext, Classical.choice, Quot.sound]
'TrafficShaping.full_row_reduction' depends on axioms: [propext, Classical.choice, Quot.sound]
'TrafficShaping.matching_certificate' depends on axioms: [propext, Classical.choice, Quot.sound]
'TrafficShaping.offSchedule_card' depends on axioms: [propext, Classical.choice, Quot.sound]
'TrafficShaping.off_exists_strongly_optimal' depends on axioms: [propext, Classical.choice, Quot.sound]
'TrafficShaping.off_strong_duality' depends on axioms: [propext, Classical.choice, Quot.sound]
'TrafficShaping.onGameValue_ge_rho_mul_offGameValue' depends on axioms: [propext, Classical.choice, Quot.sound]
'TrafficShaping.onSchedule_card' depends on axioms: [propext, Classical.choice, Quot.sound]
'TrafficShaping.onSchedule_card_fifty' depends on axioms: [propext, Classical.choice, Quot.sound]
'TrafficShaping.on_exists_strongly_optimal' depends on axioms: [propext, Classical.choice, Quot.sound]
'TrafficShaping.on_strong_duality' depends on axioms: [propext, Classical.choice, Quot.sound]
'TrafficShaping.participation_accuracy_bound' depends on axioms: [propext, Classical.choice, Quot.sound]
'TrafficShaping.phase_laws_tv_one' depends on axioms: [propext, Classical.choice, Quot.sound]
'TrafficShaping.phase_one_density' depends on axioms: [propext, Classical.choice, Quot.sound]
'TrafficShaping.phase_zero_density' depends on axioms: [propext, Classical.choice, Quot.sound]
'TrafficShaping.prefix_card_le_sub_of_terminal_feasible' depends on axioms: [propext, Classical.choice, Quot.sound]
'TrafficShaping.privacyRho' depends on axioms: [propext, Classical.choice, Quot.sound]
'TrafficShaping.privacy_gap_bounds' depends on axioms: [propext, Classical.choice, Quot.sound]
'TrafficShaping.privacy_gap_isBigO_inverse' depends on axioms: [propext, Classical.choice, Quot.sound]
'TrafficShaping.privacy_gap_tendsto_zero' depends on axioms: [propext, Classical.choice, Quot.sound]
'TrafficShaping.privacy_gap_uniform_inverse_bound' depends on axioms: [propext, Classical.choice, Quot.sound]
'TrafficShaping.scan_ops_le_five_mul_H' depends on axioms: [propext, Classical.choice, Quot.sound]
'TrafficShaping.scan_true_iff_feasible' depends on axioms: [propext, Classical.choice, Quot.sound]
'TrafficShaping.terminal' depends on axioms: [propext, Classical.choice, Quot.sound]
'TrafficShaping.testBlockCount_eq_real_ceil' depends on axioms: [propext, Classical.choice, Quot.sound]
'TrafficShaping.thinContainment_mass' depends on axioms: [propext, Classical.choice, Quot.sound]
'TrafficShaping.thinningOutput_feasible' depends on axioms: [propext, Classical.choice, Quot.sound]
'TrafficShaping.thinning_mass_lower' depends on axioms: [propext, Classical.choice, Quot.sound]
'TrafficShaping.value' depends on axioms: [propext, Classical.choice, Quot.sound]
'TrafficShaping.worst' depends on axioms: [propext, Classical.choice, Quot.sound]
'TrafficShaping.zero_delay_m_one_gap' depends on axioms: [propext, Classical.choice, Quot.sound]
'TrafficShaping.zero_delay_m_one_optimum_gap' depends on axioms: [propext, Classical.choice, Quot.sound]
'TrafficShaping.zero_delay_offGameValue' depends on axioms: [propext, Classical.choice, Quot.sound]
'TrafficShaping.zero_delay_onGameValue' depends on axioms: [propext, Classical.choice, Quot.sound]
'TrafficShaping.zero_delay_onGameValue_zero_of_lt' depends on axioms: [propext, Classical.choice, Quot.sound]
'TrafficShaping.corollary3_eq20' depends on axioms: [propext, Classical.choice, Quot.sound]
'TrafficShaping.perfectSchedule_card' depends on axioms: [propext, Classical.choice, Quot.sound]
'TrafficShaping.perfectSchedule_feasible' depends on axioms: [propext, Classical.choice, Quot.sound]
'TrafficShaping.perfect_privacy_mechanism_budget_lower' depends on axioms: [propext, Classical.choice, Quot.sound]
'TrafficShaping.corollary5_eq25_unconditional' depends on axioms: [propext, Classical.choice, Quot.sound]
'TrafficShaping.corollary3_perfect_privacy_budgets' depends on axioms: [propext, Classical.choice, Quot.sound]
'TrafficShaping.perfect_privacy_both_attainable' depends on axioms: [propext, Classical.choice, Quot.sound]
'TrafficShaping.table2_H16_half_privacy_accuracy' depends on axioms: [propext, Classical.choice, Quot.sound]
'TrafficShaping.small_threshold_budgets_of_six_tests' depends on axioms: [propext, Classical.choice, Quot.sound]
'TrafficShaping.article_table2_row_of_values' depends on axioms: [propext, Classical.choice, Quot.sound]
'TrafficShaping.articleCausalPolicyItems_sum' depends on axioms: [propext, Classical.choice, Quot.sound]
'TrafficShaping.articleCausalDualItems_sum' depends on axioms: [propext, Classical.choice, Quot.sound]
'TrafficShaping.articleCausalPolicy_all_inputs' depends on axioms: [propext, Classical.choice, Quot.sound]
'TrafficShaping.articleCausalDual_cols' depends on axioms: [propext, Classical.choice, Quot.sound]
'TrafficShaping.articleCausalValue' depends on axioms: [propext, Classical.choice, Quot.sound]
'TrafficShaping.articleNoncausalValue' depends on axioms: [propext, Classical.choice, Quot.sound]
'TrafficShaping.articleCausalOptimum' depends on axioms: [propext, Classical.choice, Quot.sound]
'TrafficShaping.articleNoncausalOptimum' depends on axioms: [propext, Classical.choice, Quot.sound]
'TrafficShaping.articlePerfectPrivacyB6' depends on axioms: [propext, Classical.choice, Quot.sound]
'TrafficShaping.articlePerfectScheduleB6' depends on axioms: [propext, Classical.choice, Quot.sound]
'TrafficShaping.articleExecute_base' depends on axioms: [propext, Classical.choice, Quot.sound]
'TrafficShaping.articleExecute_switch' depends on axioms: [propext, Classical.choice, Quot.sound]
'TrafficShaping.articleExecute_base_servicePairs' depends on axioms: [propext, Classical.choice, Quot.sound]
'TrafficShaping.articleExecute_switch_servicePairs' depends on axioms: [propext, Classical.choice, Quot.sound]
'TrafficShaping.articleExecute_switch_first_activation' depends on axioms: [propext, Classical.choice, Quot.sound]
'TrafficShaping.articleExecute_base_transmission_card' depends on axioms: [propext, Classical.choice, Quot.sound]
'TrafficShaping.articleExecute_switch_transmission_card' depends on axioms: [propext, Classical.choice, Quot.sound]
'TrafficShaping.articleStrictThresholdEndpoint' depends on axioms: [propext, Classical.choice, Quot.sound]
'TrafficShaping.terminal_actual_fifo_eq12' depends on axioms: [propext, Classical.choice, Quot.sound]
'TrafficShaping.fifoServices_get_eq_max' depends on axioms: [propext, Classical.choice, Quot.sound]
'TrafficShaping.fifoSuffix_service_events_of_base' depends on axioms: [propext, Classical.choice, Quot.sound]
'TrafficShaping.switch_actual_fifo_eq13' depends on axioms: [propext, Classical.choice, Quot.sound]
'TrafficShaping.fifoSuffix_service_events_of_switch' depends on axioms: [propext, Classical.choice, Quot.sound]
'TrafficShaping.executeState_switch_workConservingSuffix' depends on axioms: [propext, Classical.choice, Quot.sound]
'TrafficShaping.canonicalRemainingArrivals_eq_cons_of_head' depends on axioms: [propext, Classical.choice, Quot.sound]
'TrafficShaping.certificateScanFeasible_true_iff' depends on axioms: [propext, Classical.choice, Quot.sound]
'TrafficShaping.row_ineq_of_finset_checked' depends on axioms: [propext, Classical.choice, Quot.sound]
'TrafficShaping.col_ineq_of_finset_checked' depends on axioms: [propext, Classical.choice, Quot.sound]
'TrafficShaping.ArticleTable2Row' depends on axioms: [propext, Classical.choice, Quot.sound]
'TrafficShaping.causalBudget_eq_of_adjacent_certificates' depends on axioms: [propext, Classical.choice, Quot.sound]
'TrafficShaping.causal_subreserve_loss_isLeast' depends on axioms: [propext, Classical.choice, Quot.sound]
'TrafficShaping.certificate_value_off_H10_m3_B7_D1' depends on axioms: [propext, Classical.choice, Quot.sound]
'TrafficShaping.certificate_value_off_H10_m4_B7_D1' depends on axioms: [propext, Classical.choice, Quot.sound]
'TrafficShaping.certificate_value_off_H10_m4_B7_D2' depends on axioms: [propext, Classical.choice, Quot.sound]
'TrafficShaping.certificate_value_off_H12_m2_B2_D1' depends on axioms: [propext, Classical.choice, Quot.sound]
'TrafficShaping.certificate_value_off_H12_m2_B2_D2' depends on axioms: [propext, Classical.choice, Quot.sound]
'TrafficShaping.certificate_value_off_H12_m2_B2_D3' depends on axioms: [propext, Classical.choice, Quot.sound]
'TrafficShaping.certificate_value_off_H12_m2_B3_D1' depends on axioms: [propext, Classical.choice, Quot.sound]
'TrafficShaping.certificate_value_off_H12_m2_B3_D2' depends on axioms: [propext, Classical.choice, Quot.sound]
'TrafficShaping.certificate_value_off_H12_m2_B3_D3' depends on axioms: [propext, Classical.choice, Quot.sound]
'TrafficShaping.certificate_value_off_H12_m2_B4_D1' depends on axioms: [propext, Classical.choice, Quot.sound]
'TrafficShaping.certificate_value_off_H12_m2_B4_D2' depends on axioms: [propext, Classical.choice, Quot.sound]
'TrafficShaping.certificate_value_off_H12_m2_B4_D3' depends on axioms: [propext, Classical.choice, Quot.sound]
'TrafficShaping.certificate_value_off_H12_m2_B5_D1' depends on axioms: [propext, Classical.choice, Quot.sound]
'TrafficShaping.certificate_value_off_H12_m2_B5_D2' depends on axioms: [propext, Classical.choice, Quot.sound]
'TrafficShaping.certificate_value_off_H12_m2_B5_D3' depends on axioms: [propext, Classical.choice, Quot.sound]
'TrafficShaping.certificate_value_off_H12_m2_B6_D1' depends on axioms: [propext, Classical.choice, Quot.sound]
'TrafficShaping.certificate_value_off_H12_m2_B6_D2' depends on axioms: [propext, Classical.choice, Quot.sound]
'TrafficShaping.certificate_value_off_H12_m2_B6_D3' depends on axioms: [propext, Classical.choice, Quot.sound]
'TrafficShaping.certificate_value_off_H12_m2_B7_D1' depends on axioms: [propext, Classical.choice, Quot.sound]
'TrafficShaping.certificate_value_off_H12_m2_B8_D1' depends on axioms: [propext, Classical.choice, Quot.sound]
'TrafficShaping.certificate_value_off_H12_m3_B7_D2' depends on axioms: [propext, Classical.choice, Quot.sound]
'TrafficShaping.certificate_value_off_H12_m4_B9_D1' depends on axioms: [propext, Classical.choice, Quot.sound]
'TrafficShaping.certificate_value_off_H14_m4_B9_D2' depends on axioms: [propext, Classical.choice, Quot.sound]
'TrafficShaping.certificate_value_off_H8_m2_B2_D1' depends on axioms: [propext, Classical.choice, Quot.sound]
'TrafficShaping.certificate_value_off_H8_m2_B2_D2' depends on axioms: [propext, Classical.choice, Quot.sound]
'TrafficShaping.certificate_value_off_H8_m2_B2_D3' depends on axioms: [propext, Classical.choice, Quot.sound]
'TrafficShaping.certificate_value_off_H8_m2_B3_D1' depends on axioms: [propext, Classical.choice, Quot.sound]
'TrafficShaping.certificate_value_off_H8_m2_B3_D2' depends on axioms: [propext, Classical.choice, Quot.sound]
'TrafficShaping.certificate_value_off_H8_m2_B3_D3' depends on axioms: [propext, Classical.choice, Quot.sound]
'TrafficShaping.certificate_value_off_H8_m2_B4_D1' depends on axioms: [propext, Classical.choice, Quot.sound]
'TrafficShaping.certificate_value_off_H8_m2_B4_D2' depends on axioms: [propext, Classical.choice, Quot.sound]
'TrafficShaping.certificate_value_off_H8_m2_B4_D3' depends on axioms: [propext, Classical.choice, Quot.sound]
'TrafficShaping.certificate_value_off_H8_m2_B5_D1' depends on axioms: [propext, Classical.choice, Quot.sound]
'TrafficShaping.certificate_value_off_H8_m2_B6_D1' depends on axioms: [propext, Classical.choice, Quot.sound]
'TrafficShaping.certificate_value_off_H8_m3_B4_D2' depends on axioms: [propext, Classical.choice, Quot.sound]
'TrafficShaping.certificate_value_off_H8_m3_B5_D1' depends on axioms: [propext, Classical.choice, Quot.sound]
'TrafficShaping.certificate_value_on_H10_m3_B7_D1' depends on axioms: [propext, Classical.choice, Quot.sound]
'TrafficShaping.certificate_value_on_H10_m4_B7_D1' depends on axioms: [propext, Classical.choice, Quot.sound]
'TrafficShaping.certificate_value_on_H10_m4_B7_D2' depends on axioms: [propext, Classical.choice, Quot.sound]
'TrafficShaping.certificate_value_on_H12_m2_B2_D1' depends on axioms: [propext, Classical.choice, Quot.sound]
'TrafficShaping.certificate_value_on_H12_m2_B2_D2' depends on axioms: [propext, Classical.choice, Quot.sound]
'TrafficShaping.certificate_value_on_H12_m2_B2_D3' depends on axioms: [propext, Classical.choice, Quot.sound]
'TrafficShaping.certificate_value_on_H12_m2_B3_D1' depends on axioms: [propext, Classical.choice, Quot.sound]
'TrafficShaping.certificate_value_on_H12_m2_B3_D2' depends on axioms: [propext, Classical.choice, Quot.sound]
'TrafficShaping.certificate_value_on_H12_m2_B3_D3' depends on axioms: [propext, Classical.choice, Quot.sound]
'TrafficShaping.certificate_value_on_H12_m2_B4_D1' depends on axioms: [propext, Classical.choice, Quot.sound]
'TrafficShaping.certificate_value_on_H12_m2_B4_D2' depends on axioms: [propext, Classical.choice, Quot.sound]
'TrafficShaping.certificate_value_on_H12_m2_B4_D3' depends on axioms: [propext, Classical.choice, Quot.sound]
'TrafficShaping.certificate_value_on_H12_m2_B5_D1' depends on axioms: [propext, Classical.choice, Quot.sound]
'TrafficShaping.certificate_value_on_H12_m2_B5_D2' depends on axioms: [propext, Classical.choice, Quot.sound]
'TrafficShaping.certificate_value_on_H12_m2_B5_D3' depends on axioms: [propext, Classical.choice, Quot.sound]
'TrafficShaping.certificate_value_on_H12_m2_B6_D1' depends on axioms: [propext, Classical.choice, Quot.sound]
'TrafficShaping.certificate_value_on_H12_m2_B6_D2' depends on axioms: [propext, Classical.choice, Quot.sound]
'TrafficShaping.certificate_value_on_H12_m2_B6_D3' depends on axioms: [propext, Classical.choice, Quot.sound]
'TrafficShaping.certificate_value_on_H12_m2_B7_D1' depends on axioms: [propext, Classical.choice, Quot.sound]
'TrafficShaping.certificate_value_on_H12_m2_B8_D1' depends on axioms: [propext, Classical.choice, Quot.sound]
'TrafficShaping.certificate_value_on_H12_m3_B7_D2' depends on axioms: [propext, Classical.choice, Quot.sound]
'TrafficShaping.certificate_value_on_H12_m4_B9_D1' depends on axioms: [propext, Classical.choice, Quot.sound]
'TrafficShaping.certificate_value_on_H14_m4_B9_D2' depends on axioms: [propext, Classical.choice, Quot.sound]
'TrafficShaping.certificate_value_on_H16_m2_B10_D1' depends on axioms: [propext, Classical.choice, Quot.sound]
'TrafficShaping.certificate_value_on_H16_m2_B11_D1' depends on axioms: [propext, Classical.choice, Quot.sound]
'TrafficShaping.certificate_value_on_H16_m2_B2_D1' depends on axioms: [propext, Classical.choice, Quot.sound]
'TrafficShaping.certificate_value_on_H16_m2_B2_D2' depends on axioms: [propext, Classical.choice, Quot.sound]
'TrafficShaping.certificate_value_on_H16_m2_B2_D3' depends on axioms: [propext, Classical.choice, Quot.sound]
'TrafficShaping.certificate_value_on_H16_m2_B3_D1' depends on axioms: [propext, Classical.choice, Quot.sound]
'TrafficShaping.certificate_value_on_H16_m2_B3_D2' depends on axioms: [propext, Classical.choice, Quot.sound]
'TrafficShaping.certificate_value_on_H16_m2_B3_D3' depends on axioms: [propext, Classical.choice, Quot.sound]
'TrafficShaping.certificate_value_on_H16_m2_B4_D1' depends on axioms: [propext, Classical.choice, Quot.sound]
'TrafficShaping.certificate_value_on_H16_m2_B4_D2' depends on axioms: [propext, Classical.choice, Quot.sound]
'TrafficShaping.certificate_value_on_H16_m2_B4_D3' depends on axioms: [propext, Classical.choice, Quot.sound]
'TrafficShaping.certificate_value_on_H16_m2_B5_D1' depends on axioms: [propext, Classical.choice, Quot.sound]
'TrafficShaping.certificate_value_on_H16_m2_B5_D2' depends on axioms: [propext, Classical.choice, Quot.sound]
'TrafficShaping.certificate_value_on_H16_m2_B5_D3' depends on axioms: [propext, Classical.choice, Quot.sound]
'TrafficShaping.certificate_value_on_H16_m2_B6_D1' depends on axioms: [propext, Classical.choice, Quot.sound]
'TrafficShaping.certificate_value_on_H16_m2_B6_D2' depends on axioms: [propext, Classical.choice, Quot.sound]
'TrafficShaping.certificate_value_on_H16_m2_B6_D3' depends on axioms: [propext, Classical.choice, Quot.sound]
'TrafficShaping.certificate_value_on_H16_m2_B7_D1' depends on axioms: [propext, Classical.choice, Quot.sound]
'TrafficShaping.certificate_value_on_H16_m2_B7_D2' depends on axioms: [propext, Classical.choice, Quot.sound]
'TrafficShaping.certificate_value_on_H16_m2_B7_D3' depends on axioms: [propext, Classical.choice, Quot.sound]
'TrafficShaping.certificate_value_on_H16_m2_B8_D1' depends on axioms: [propext, Classical.choice, Quot.sound]
'TrafficShaping.certificate_value_on_H16_m2_B8_D2' depends on axioms: [propext, Classical.choice, Quot.sound]
'TrafficShaping.certificate_value_on_H16_m2_B9_D1' depends on axioms: [propext, Classical.choice, Quot.sound]
'TrafficShaping.certificate_value_on_H8_m2_B2_D1' depends on axioms: [propext, Classical.choice, Quot.sound]
'TrafficShaping.certificate_value_on_H8_m2_B2_D2' depends on axioms: [propext, Classical.choice, Quot.sound]
'TrafficShaping.certificate_value_on_H8_m2_B2_D3' depends on axioms: [propext, Classical.choice, Quot.sound]
'TrafficShaping.certificate_value_on_H8_m2_B3_D1' depends on axioms: [propext, Classical.choice, Quot.sound]
'TrafficShaping.certificate_value_on_H8_m2_B3_D2' depends on axioms: [propext, Classical.choice, Quot.sound]
'TrafficShaping.certificate_value_on_H8_m2_B3_D3' depends on axioms: [propext, Classical.choice, Quot.sound]
'TrafficShaping.certificate_value_on_H8_m2_B4_D1' depends on axioms: [propext, Classical.choice, Quot.sound]
'TrafficShaping.certificate_value_on_H8_m2_B4_D2' depends on axioms: [propext, Classical.choice, Quot.sound]
'TrafficShaping.certificate_value_on_H8_m2_B4_D3' depends on axioms: [propext, Classical.choice, Quot.sound]
'TrafficShaping.certificate_value_on_H8_m2_B5_D1' depends on axioms: [propext, Classical.choice, Quot.sound]
'TrafficShaping.certificate_value_on_H8_m2_B6_D1' depends on axioms: [propext, Classical.choice, Quot.sound]
'TrafficShaping.certificate_value_on_H8_m3_B4_D2' depends on axioms: [propext, Classical.choice, Quot.sound]
'TrafficShaping.certificate_value_on_H8_m3_B5_D1' depends on axioms: [propext, Classical.choice, Quot.sound]
'TrafficShaping.fullInputEnum_eq_univ' depends on axioms: [propext, Classical.choice, Quot.sound]
'TrafficShaping.noncausalBudget_eq_of_adjacent_certificates' depends on axioms: [propext, Classical.choice, Quot.sound]
'TrafficShaping.offScheduleEnum_eq_univ' depends on axioms: [propext, Classical.choice, Quot.sound]
'TrafficShaping.off_certificate_value' depends on axioms: [propext, Classical.choice, Quot.sound]
'TrafficShaping.onScheduleEnum_eq_univ' depends on axioms: [propext, Classical.choice, Quot.sound]
'TrafficShaping.on_certificate_value' depends on axioms: [propext, Classical.choice, Quot.sound]
'TrafficShaping.qualitative_causal_loss_lower' depends on axioms: [propext, Classical.choice, Quot.sound]
'TrafficShaping.qualitative_causality_gap' depends on axioms: [propext, Classical.choice, Quot.sound]
'TrafficShaping.table2_H16_half_attainable_accuracy' depends on axioms: [propext, Classical.choice, Quot.sound]
'TrafficShaping.table2_row_1' depends on axioms: [propext, Classical.choice, Quot.sound]
'TrafficShaping.table2_row_2' depends on axioms: [propext, Classical.choice, Quot.sound]
'TrafficShaping.table2_row_3' depends on axioms: [propext, Classical.choice, Quot.sound]
'TrafficShaping.table2_row_4' depends on axioms: [propext, Classical.choice, Quot.sound]
'TrafficShaping.table2_row_5' depends on axioms: [propext, Classical.choice, Quot.sound]
'TrafficShaping.table2_row_6' depends on axioms: [propext, Classical.choice, Quot.sound]
'TrafficShaping.table2_row_7' depends on axioms: [propext, Classical.choice, Quot.sound]
'TrafficShaping.table2_row_8' depends on axioms: [propext, Classical.choice, Quot.sound]
'TrafficShaping.table2_row_9' depends on axioms: [propext, Classical.choice, Quot.sound]
'TrafficShaping.table3_row_1' depends on axioms: [propext, Classical.choice, Quot.sound]
'TrafficShaping.table3_row_2' depends on axioms: [propext, Classical.choice, Quot.sound]
'TrafficShaping.table3_row_3' depends on axioms: [propext, Classical.choice, Quot.sound]
'TrafficShaping.table3_row_4' depends on axioms: [propext, Classical.choice, Quot.sound]
'TrafficShaping.table3_row_5' depends on axioms: [propext, Classical.choice, Quot.sound]
'TrafficShaping.table3_row_6' depends on axioms: [propext, Classical.choice, Quot.sound]
'TrafficShaping.table3_row_7' depends on axioms: [propext, Classical.choice, Quot.sound]
'TrafficShaping.table3_row_8' depends on axioms: [propext, Classical.choice, Quot.sound]
'TrafficShaping.finiteChecked_true_iff' depends on axioms: [propext, Classical.choice, Quot.sound]
'TrafficShaping.rowsCheckedOnFinset_partition' depends on axioms: [propext, Classical.choice, Quot.sound]
'TrafficShaping.colsCheckedOnFinset_partition' depends on axioms: [propext, Classical.choice, Quot.sound]
'TrafficShaping.optimizedOnScheduleEnum_eq_univ' depends on axioms: [propext, Classical.choice, Quot.sound]
