{
  "code_sha256": "90e7cf3199b8618b8669187ac571aa5e6538748fba7860d12e086d8b72c4ff22",
  "output": "/Users/artem.derevago/master_thesis/work/new-topic-2026-09-09/article-1-lean-completion-2026-09-11/verification/20260912T134231Z-3e45f5db/computations/TABLE-CONSISTENCY-CHECK.json",
  "qualitative_frontier": {
    "B": 3,
    "D": 2,
    "H": 8,
    "causal": {
      "coverage": "0",
      "delta": "1"
    },
    "m": 2,
    "offline": {
      "coverage": "1/2",
      "delta": "1/2"
    },
    "status": "PASS"
  },
  "quantitative_metadata": {
    "budget_price_comparisons": 43,
    "privacy_bound_comparisons": 66,
    "saved_frontier_records": 79,
    "source_hashes_match": true,
    "status": "PASS"
  },
  "saved_certificates": {
    "certificates": 95,
    "dual_columns": 39931,
    "extra_certificates": 16,
    "extra_dual_columns": 4024,
    "extra_primal_rows": 4736,
    "legacy_certificates": 79,
    "legacy_dual_columns": 35907,
    "legacy_primal_rows": 5620,
    "primal_rows": 10356,
    "row_and_column_inequalities": "all exact Fraction checks passed with fresh augmenting matcher",
    "status": "PASS"
  },
  "status": "PASS",
  "table_2": {
    "K_values": {
      "12,1": 4,
      "12,2": 3,
      "12,3": 3,
      "16,1": 6,
      "16,2": 4,
      "16,3": 4,
      "8,1": 3,
      "8,2": 2,
      "8,3": 2
    },
    "derived_rows_checked": 9,
    "keys_checked": 9,
    "rows": 9,
    "source": "TABLE-1.csv plus exact causal FRONTIERS certificates",
    "status": "PASS"
  },
  "table_3": {
    "certificate_count": 16,
    "derived_rows_checked": 8,
    "dual_columns": 4024,
    "primal_rows": 4736,
    "rows": 8,
    "source": "TABLE-3.csv plus exact EXTRA-CERTIFICATES certificates",
    "status": "PASS"
  }
}
